// Jest Snapshot v1, https://goo.gl/fbAQLP

exports[`RickSanchez when drinks from his flask one time should respond as sober 1`] = `"I am fine dude!"`;
